[INFO] Scanning for projects...
[INFO] 
[INFO] -----------------< com.example:placement-test-system >------------------
[INFO] Building placement-test-system 0.0.1-SNAPSHOT
[INFO]   from pom.xml
[INFO] --------------------------------[ jar ]---------------------------------
[INFO] 
[INFO] --- clean:3.5.0:clean (default-clean) @ placement-test-system ---
[INFO] Deleting D:\Projects\Placement-Test-Management-System\backend\target
[INFO] 
[INFO] --- resources:3.3.1:resources (default-resources) @ placement-test-system ---
[INFO] Copying 1 resource from src\main\resources to target\classes
[INFO] Copying 0 resource from src\main\resources to target\classes
[INFO] 
[INFO] --- compiler:3.14.1:compile (default-compile) @ placement-test-system ---
[INFO] Recompiling the module because of changed source code.
[INFO] Compiling 19 source files with javac [debug parameters release 21] to target\classes
[INFO] /D:/Projects/Placement-Test-Management-System/backend/src/main/java/com/example/placement_test_system/security/JwtAuthenticationFilter.java: D:\Projects\Placement-Test-Management-System\backend\src\main\java\com\example\placement_test_system\security\JwtAuthenticationFilter.java uses or overrides a deprecated API.
[INFO] /D:/Projects/Placement-Test-Management-System/backend/src/main/java/com/example/placement_test_system/security/JwtAuthenticationFilter.java: Recompile with -Xlint:deprecation for details.
[INFO] /D:/Projects/Placement-Test-Management-System/backend/src/main/java/com/example/placement_test_system/service/Judge0Service.java: D:\Projects\Placement-Test-Management-System\backend\src\main\java\com\example\placement_test_system\service\Judge0Service.java uses unchecked or unsafe operations.
[INFO] /D:/Projects/Placement-Test-Management-System/backend/src/main/java/com/example/placement_test_system/service/Judge0Service.java: Recompile with -Xlint:unchecked for details.
[INFO] -------------------------------------------------------------
[ERROR] COMPILATION ERROR : 
[INFO] -------------------------------------------------------------
[ERROR] /D:/Projects/Placement-Test-Management-System/backend/src/main/java/com/example/placement_test_system/config/ApplicationConfig.java:[30,50] constructor DaoAuthenticationProvider in class org.springframework.security.authentication.dao.DaoAuthenticationProvider cannot be applied to given types;
  required: org.springframework.security.core.userdetails.UserDetailsService
  found:    no arguments
  reason: actual and formal argument lists differ in length
[ERROR] /D:/Projects/Placement-Test-Management-System/backend/src/main/java/com/example/placement_test_system/config/ApplicationConfig.java:[31,21] cannot find symbol
  symbol:   method setUserDetailsService(org.springframework.security.core.userdetails.UserDetailsService)
  location: variable authProvider of type org.springframework.security.authentication.dao.DaoAuthenticationProvider
[INFO] 2 errors 
[INFO] -------------------------------------------------------------
[INFO] ------------------------------------------------------------------------
[INFO] BUILD FAILURE
[INFO] ------------------------------------------------------------------------
[INFO] Total time:  4.255 s
[INFO] Finished at: 2026-03-17T12:08:49+05:30
[INFO] ------------------------------------------------------------------------
[ERROR] Failed to execute goal org.apache.maven.plugins:maven-compiler-plugin:3.14.1:compile (default-compile) on project placement-test-system: Compilation failure: Compilation failure: 
[ERROR] /D:/Projects/Placement-Test-Management-System/backend/src/main/java/com/example/placement_test_system/config/ApplicationConfig.java:[30,50] constructor DaoAuthenticationProvider in class org.springframework.security.authentication.dao.DaoAuthenticationProvider cannot be applied to given types;
[ERROR]   required: org.springframework.security.core.userdetails.UserDetailsService
[ERROR]   found:    no arguments
[ERROR]   reason: actual and formal argument lists differ in length
[ERROR] /D:/Projects/Placement-Test-Management-System/backend/src/main/java/com/example/placement_test_system/config/ApplicationConfig.java:[31,21] cannot find symbol
[ERROR]   symbol:   method setUserDetailsService(org.springframework.security.core.userdetails.UserDetailsService)
[ERROR]   location: variable authProvider of type org.springframework.security.authentication.dao.DaoAuthenticationProvider
[ERROR] -> [Help 1]
[ERROR] 
[ERROR] To see the full stack trace of the errors, re-run Maven with the -e switch.
[ERROR] Re-run Maven using the -X switch to enable full debug logging.
[ERROR] 
[ERROR] For more information about the errors and possible solutions, please read the following articles:
[ERROR] [Help 1] http://cwiki.apache.org/confluence/display/MAVEN/MojoFailureException
